04:32:07 **** Incremental Build of configuration Debug for project AHRS_UART ****
make -j3 all 
arm-none-eabi-size   AHRS_UART.elf 
   text	   data	    bss	    dec	    hex	filename
  31656	    492	   8300	  40448	   9e00	AHRS_UART.elf
Finished building: default.size.stdout
 
04:32:16 **** Incremental Build of configuration Debug for project AHRS_UART ****
make -j3 all 
arm-none-eabi-size   AHRS_UART.elf 
   text	   data	    bss	    dec	    hex	filename
  31656	    492	   8300	  40448	   9e00	AHRS_UART.elf
Finished building: default.size.stdout
 
04:40:16 **** Incremental Build of configuration Debug for project AHRS_UART ****
make -j3 all 
arm-none-eabi-size   AHRS_UART.elf 
   text	   data	    bss	    dec	    hex	filename
  31656	    492	   8300	  40448	   9e00	AHRS_UART.elf
Finished building: default.size.stdout
 
